2026-09-22 16:23:23,918 httpx HTTP Request: GET https://huggingface.co/api/models/convaiinnovations/laya/revision/main "HTTP/1.1 200 OK"
Fetching 38 files:   0%|          | 0/38 [00:00<?, ?it/s]Fetching 38 files: 100%|██████████| 38/38 [00:00<00:00, 6252.54it/s]
2026-09-22 16:23:50,173 laya.train laya.train: 92827 train items from 14278 cases, 1463 held-out cases, max_len 1024, torch.bfloat16 on cuda
2026-09-22 16:24:10,639 laya.train laya.train: epoch 1 step 20 loss 0.3886 reward -0.1418 lr 2.50e-05
2026-09-22 16:24:30,878 laya.train laya.train: epoch 1 step 40 loss 0.7948 reward -0.0873 lr 2.50e-05
2026-09-22 16:24:51,210 laya.train laya.train: epoch 1 step 60 loss 0.6259 reward -0.3126 lr 2.50e-05
2026-09-22 16:25:12,032 laya.train laya.train: epoch 1 step 80 loss 0.4839 reward -0.0678 lr 2.50e-05
2026-09-22 16:25:32,597 laya.train laya.train: epoch 1 step 100 loss 0.6005 reward -0.4046 lr 2.50e-05
2026-09-22 16:25:53,503 laya.train laya.train: epoch 1 step 120 loss 0.7255 reward 0.0085 lr 2.50e-05
2026-09-22 16:26:13,908 laya.train laya.train: epoch 1 step 140 loss 0.8362 reward -0.2247 lr 2.50e-05
2026-09-22 16:26:34,541 laya.train laya.train: epoch 1 step 160 loss 0.1143 reward 0.0672 lr 2.50e-05
2026-09-22 16:26:55,037 laya.train laya.train: epoch 1 step 180 loss 0.6228 reward -0.1314 lr 2.49e-05
2026-09-22 16:27:15,600 laya.train laya.train: epoch 1 step 200 loss 0.4456 reward 0.3748 lr 2.49e-05
2026-09-22 16:27:35,936 laya.train laya.train: epoch 1 step 220 loss 0.5161 reward -0.2063 lr 2.49e-05
2026-09-22 16:27:56,395 laya.train laya.train: epoch 1 step 240 loss 0.1646 reward 0.2594 lr 2.49e-05
2026-09-22 16:28:16,764 laya.train laya.train: epoch 1 step 260 loss 0.2518 reward 0.3621 lr 2.49e-05
2026-09-22 16:28:37,140 laya.train laya.train: epoch 1 step 280 loss 0.8039 reward -0.2042 lr 2.49e-05
2026-09-22 16:28:57,537 laya.train laya.train: epoch 1 step 300 loss 0.2480 reward -0.1329 lr 2.48e-05
2026-09-22 16:29:17,773 laya.train laya.train: epoch 1 step 320 loss 0.6845 reward -0.0301 lr 2.48e-05
2026-09-22 16:29:38,293 laya.train laya.train: epoch 1 step 340 loss 0.2637 reward -0.1422 lr 2.48e-05
2026-09-22 16:29:58,925 laya.train laya.train: epoch 1 step 360 loss 0.1505 reward 0.1893 lr 2.48e-05
2026-09-22 16:30:19,340 laya.train laya.train: epoch 1 step 380 loss 0.6786 reward 0.1394 lr 2.47e-05
2026-09-22 16:30:39,093 laya.train laya.train: epoch 1 step 400 loss 0.2908 reward 0.0637 lr 2.47e-05
2026-09-22 16:31:00,034 laya.train laya.train: epoch 1 step 420 loss 0.2294 reward 0.3337 lr 2.47e-05
2026-09-22 16:31:20,432 laya.train laya.train: epoch 1 step 440 loss 0.3329 reward 0.1042 lr 2.47e-05
2026-09-22 16:31:41,124 laya.train laya.train: epoch 1 step 460 loss 0.5631 reward -0.1022 lr 2.46e-05
2026-09-22 16:32:02,057 laya.train laya.train: epoch 1 step 480 loss 0.6329 reward -0.3634 lr 2.46e-05
2026-09-22 16:32:22,232 laya.train laya.train: epoch 1 step 500 loss 0.1992 reward 0.2876 lr 2.46e-05
2026-09-22 16:32:42,370 laya.train laya.train: epoch 1 step 520 loss 0.0958 reward 0.2612 lr 2.45e-05
2026-09-22 16:33:02,594 laya.train laya.train: epoch 1 step 540 loss -0.0953 reward 0.1533 lr 2.45e-05
2026-09-22 16:33:23,642 laya.train laya.train: epoch 1 step 560 loss 0.1491 reward 0.3654 lr 2.45e-05
2026-09-22 16:33:44,127 laya.train laya.train: epoch 1 step 580 loss 0.4140 reward 0.1395 lr 2.44e-05
2026-09-22 16:34:04,750 laya.train laya.train: epoch 1 step 600 loss 0.2488 reward 0.4559 lr 2.44e-05
2026-09-22 16:34:25,310 laya.train laya.train: epoch 1 step 620 loss 0.2511 reward 0.0078 lr 2.43e-05
2026-09-22 16:34:46,047 laya.train laya.train: epoch 1 step 640 loss 0.5450 reward 0.0721 lr 2.43e-05
2026-09-22 16:35:06,868 laya.train laya.train: epoch 1 step 660 loss 0.6259 reward -0.4056 lr 2.42e-05
2026-09-22 16:35:26,616 laya.train laya.train: epoch 1 step 680 loss 0.6329 reward -0.0256 lr 2.42e-05
2026-09-22 16:35:47,239 laya.train laya.train: epoch 1 step 700 loss 0.5108 reward 0.0929 lr 2.41e-05
2026-09-22 16:36:08,010 laya.train laya.train: epoch 1 step 720 loss 0.2650 reward 0.3801 lr 2.41e-05
2026-09-22 16:36:28,864 laya.train laya.train: epoch 1 step 740 loss 0.3658 reward 0.1865 lr 2.41e-05
2026-09-22 16:36:49,022 laya.train laya.train: epoch 1 step 760 loss 0.1825 reward 0.2911 lr 2.40e-05
2026-09-22 16:37:09,354 laya.train laya.train: epoch 1 step 780 loss 0.0204 reward 0.3868 lr 2.39e-05
2026-09-22 16:37:29,619 laya.train laya.train: epoch 1 step 800 loss 0.5388 reward 0.2582 lr 2.39e-05
2026-09-22 16:37:49,939 laya.train laya.train: epoch 1 step 820 loss 0.0943 reward 0.0671 lr 2.38e-05
2026-09-22 16:38:10,628 laya.train laya.train: epoch 1 step 840 loss 0.5578 reward 0.1261 lr 2.38e-05
2026-09-22 16:38:31,140 laya.train laya.train: epoch 1 step 860 loss 0.7345 reward 0.1391 lr 2.37e-05
2026-09-22 16:38:52,436 laya.train laya.train: epoch 1 step 880 loss 0.0068 reward 0.4223 lr 2.37e-05
2026-09-22 16:39:12,925 laya.train laya.train: epoch 1 step 900 loss 0.0449 reward 0.6597 lr 2.36e-05
2026-09-22 16:39:34,198 laya.train laya.train: epoch 1 step 920 loss 0.2499 reward 0.2814 lr 2.35e-05
2026-09-22 16:39:54,631 laya.train laya.train: epoch 1 step 940 loss 0.5875 reward -0.2169 lr 2.35e-05
2026-09-22 16:40:15,187 laya.train laya.train: epoch 1 step 960 loss 0.5528 reward -0.3642 lr 2.34e-05
2026-09-22 16:40:35,890 laya.train laya.train: epoch 1 step 980 loss 0.4964 reward 0.1552 lr 2.34e-05
2026-09-22 16:40:55,805 laya.train laya.train: epoch 1 step 1000 loss -0.3409 reward 0.4933 lr 2.33e-05
2026-09-22 16:41:16,076 laya.train laya.train: epoch 1 step 1020 loss 0.2219 reward 0.3089 lr 2.32e-05
2026-09-22 16:41:36,687 laya.train laya.train: epoch 1 step 1040 loss 0.1470 reward 0.3294 lr 2.31e-05
2026-09-22 16:41:57,188 laya.train laya.train: epoch 1 step 1060 loss 0.1807 reward 0.3826 lr 2.31e-05
2026-09-22 16:42:17,636 laya.train laya.train: epoch 1 step 1080 loss 0.2406 reward 0.2264 lr 2.30e-05
2026-09-22 16:42:37,817 laya.train laya.train: epoch 1 step 1100 loss 0.4450 reward 0.2361 lr 2.29e-05
2026-09-22 16:42:58,546 laya.train laya.train: epoch 1 step 1120 loss 0.3822 reward 0.3259 lr 2.29e-05
2026-09-22 16:43:18,999 laya.train laya.train: epoch 1 step 1140 loss -0.1015 reward 0.3062 lr 2.28e-05
2026-09-22 16:43:39,214 laya.train laya.train: epoch 1 step 1160 loss 0.6627 reward 0.2227 lr 2.27e-05
2026-09-22 16:43:59,671 laya.train laya.train: epoch 1 step 1180 loss 0.0044 reward 0.4543 lr 2.26e-05
2026-09-22 16:44:20,451 laya.train laya.train: epoch 1 step 1200 loss 0.3064 reward 0.1346 lr 2.26e-05
2026-09-22 16:44:40,831 laya.train laya.train: epoch 1 step 1220 loss 0.1821 reward 0.5432 lr 2.25e-05
2026-09-22 16:45:01,163 laya.train laya.train: epoch 1 step 1240 loss 0.0429 reward 0.4164 lr 2.24e-05
2026-09-22 16:45:21,677 laya.train laya.train: epoch 1 step 1260 loss 0.3224 reward 0.0741 lr 2.23e-05
2026-09-22 16:45:42,277 laya.train laya.train: epoch 1 step 1280 loss 0.0058 reward 0.3321 lr 2.22e-05
2026-09-22 16:46:03,124 laya.train laya.train: epoch 1 step 1300 loss 0.7556 reward -0.2577 lr 2.21e-05
2026-09-22 16:46:23,761 laya.train laya.train: epoch 1 step 1320 loss 0.3569 reward 0.1968 lr 2.21e-05
2026-09-22 16:46:44,287 laya.train laya.train: epoch 1 step 1340 loss 0.4222 reward 0.2994 lr 2.20e-05
2026-09-22 16:47:04,402 laya.train laya.train: epoch 1 step 1360 loss 0.1853 reward 0.3246 lr 2.19e-05
2026-09-22 16:47:25,192 laya.train laya.train: epoch 1 step 1380 loss -0.2769 reward 0.3807 lr 2.18e-05
2026-09-22 16:47:45,872 laya.train laya.train: epoch 1 step 1400 loss 0.2484 reward 0.4325 lr 2.17e-05
2026-09-22 16:48:06,623 laya.train laya.train: epoch 1 step 1420 loss 0.1244 reward 0.4918 lr 2.16e-05
2026-09-22 16:48:27,213 laya.train laya.train: epoch 1 step 1440 loss 0.0769 reward 0.3145 lr 2.15e-05
2026-09-22 16:48:56,818 laya.train laya.train: epoch 1 done: {"epoch": 1, "sigma": 0.4, "train_loss": 0.3635293103324976, "train_ce": 0.4732991188560073, "train_reward": 0.12415076729991453, "heldout_ce": 0.25424889823434654, "heldout_accuracy": 0.9038253987288644}
2026-09-22 16:49:05,885 laya.train laya.train: epoch 2 step 1460 loss 0.3814 reward 0.1566 lr 2.14e-05
2026-09-22 16:49:26,577 laya.train laya.train: epoch 2 step 1480 loss 0.1992 reward 0.3598 lr 2.14e-05
2026-09-22 16:49:46,944 laya.train laya.train: epoch 2 step 1500 loss 0.0746 reward 0.1600 lr 2.13e-05
2026-09-22 16:50:07,584 laya.train laya.train: epoch 2 step 1520 loss 0.3436 reward 0.1732 lr 2.12e-05
2026-09-22 16:50:28,094 laya.train laya.train: epoch 2 step 1540 loss 0.0987 reward 0.3311 lr 2.11e-05
2026-09-22 16:50:48,902 laya.train laya.train: epoch 2 step 1560 loss 0.2930 reward 0.2835 lr 2.10e-05
2026-09-22 16:51:09,554 laya.train laya.train: epoch 2 step 1580 loss 0.0842 reward 0.5869 lr 2.09e-05
2026-09-22 16:51:30,340 laya.train laya.train: epoch 2 step 1600 loss 0.0772 reward 0.4694 lr 2.08e-05
2026-09-22 16:51:50,680 laya.train laya.train: epoch 2 step 1620 loss 0.5063 reward -0.4256 lr 2.07e-05
2026-09-22 16:52:11,770 laya.train laya.train: epoch 2 step 1640 loss 0.4408 reward 0.0291 lr 2.06e-05
2026-09-22 16:52:32,691 laya.train laya.train: epoch 2 step 1660 loss 0.1375 reward 0.3770 lr 2.05e-05
2026-09-22 16:52:53,526 laya.train laya.train: epoch 2 step 1680 loss 0.7624 reward -0.2432 lr 2.04e-05
2026-09-22 16:53:14,323 laya.train laya.train: epoch 2 step 1700 loss 0.3318 reward 0.1609 lr 2.03e-05
2026-09-22 16:53:35,211 laya.train laya.train: epoch 2 step 1720 loss 0.3079 reward 0.4055 lr 2.02e-05
2026-09-22 16:53:55,374 laya.train laya.train: epoch 2 step 1740 loss -0.0071 reward 0.0925 lr 2.01e-05
2026-09-22 16:54:16,179 laya.train laya.train: epoch 2 step 1760 loss -0.0083 reward 0.5175 lr 2.00e-05
2026-09-22 16:54:36,831 laya.train laya.train: epoch 2 step 1780 loss 0.2559 reward 0.3155 lr 1.98e-05
2026-09-22 16:54:57,254 laya.train laya.train: epoch 2 step 1800 loss -0.0351 reward 0.2271 lr 1.97e-05
2026-09-22 16:55:17,909 laya.train laya.train: epoch 2 step 1820 loss 0.2595 reward 0.5032 lr 1.96e-05
2026-09-22 16:55:38,210 laya.train laya.train: epoch 2 step 1840 loss 0.3028 reward 0.2965 lr 1.95e-05
2026-09-22 16:55:58,508 laya.train laya.train: epoch 2 step 1860 loss -0.1018 reward 0.6887 lr 1.94e-05
2026-09-22 16:56:19,247 laya.train laya.train: epoch 2 step 1880 loss 0.1648 reward 0.3776 lr 1.93e-05
2026-09-22 16:56:40,085 laya.train laya.train: epoch 2 step 1900 loss -0.1304 reward 0.5016 lr 1.92e-05
2026-09-22 16:57:00,582 laya.train laya.train: epoch 2 step 1920 loss 0.0244 reward 0.5614 lr 1.91e-05
2026-09-22 16:57:20,807 laya.train laya.train: epoch 2 step 1940 loss 0.2787 reward 0.3349 lr 1.90e-05
2026-09-22 16:57:41,783 laya.train laya.train: epoch 2 step 1960 loss 0.3062 reward 0.2455 lr 1.89e-05
2026-09-22 16:58:02,291 laya.train laya.train: epoch 2 step 1980 loss -0.0136 reward 0.1605 lr 1.87e-05
2026-09-22 16:58:23,175 laya.train laya.train: epoch 2 step 2000 loss 0.3483 reward 0.4119 lr 1.86e-05
2026-09-22 16:58:43,732 laya.train laya.train: epoch 2 step 2020 loss -0.1107 reward 0.3486 lr 1.85e-05
2026-09-22 16:59:04,516 laya.train laya.train: epoch 2 step 2040 loss 0.3693 reward 0.3308 lr 1.84e-05
2026-09-22 16:59:24,943 laya.train laya.train: epoch 2 step 2060 loss 0.2450 reward 0.2944 lr 1.83e-05
2026-09-22 16:59:45,033 laya.train laya.train: epoch 2 step 2080 loss 0.7152 reward 0.0655 lr 1.82e-05
2026-09-22 17:00:05,408 laya.train laya.train: epoch 2 step 2100 loss 0.0896 reward 0.2709 lr 1.80e-05
2026-09-22 17:00:26,054 laya.train laya.train: epoch 2 step 2120 loss 0.1409 reward 0.3811 lr 1.79e-05
2026-09-22 17:00:46,908 laya.train laya.train: epoch 2 step 2140 loss 0.3995 reward 0.3267 lr 1.78e-05
2026-09-22 17:01:07,146 laya.train laya.train: epoch 2 step 2160 loss 0.1288 reward 0.3070 lr 1.77e-05
2026-09-22 17:01:27,610 laya.train laya.train: epoch 2 step 2180 loss 0.0275 reward 0.2510 lr 1.76e-05
2026-09-22 17:01:48,237 laya.train laya.train: epoch 2 step 2200 loss 0.6329 reward -0.0745 lr 1.75e-05
2026-09-22 17:02:09,038 laya.train laya.train: epoch 2 step 2220 loss 0.3146 reward 0.0496 lr 1.73e-05
2026-09-22 17:02:28,896 laya.train laya.train: epoch 2 step 2240 loss 0.2243 reward 0.4358 lr 1.72e-05
2026-09-22 17:02:49,026 laya.train laya.train: epoch 2 step 2260 loss 0.2760 reward 0.2994 lr 1.71e-05
2026-09-22 17:03:09,725 laya.train laya.train: epoch 2 step 2280 loss 0.2561 reward 0.4755 lr 1.70e-05
2026-09-22 17:03:30,165 laya.train laya.train: epoch 2 step 2300 loss 0.2656 reward 0.5662 lr 1.68e-05
2026-09-22 17:03:50,910 laya.train laya.train: epoch 2 step 2320 loss 0.2733 reward 0.2516 lr 1.67e-05
2026-09-22 17:04:11,466 laya.train laya.train: epoch 2 step 2340 loss 0.0927 reward 0.3621 lr 1.66e-05
2026-09-22 17:04:31,968 laya.train laya.train: epoch 2 step 2360 loss 0.1765 reward 0.3302 lr 1.65e-05
2026-09-22 17:04:52,499 laya.train laya.train: epoch 2 step 2380 loss 0.3385 reward 0.0917 lr 1.63e-05
2026-09-22 17:05:13,383 laya.train laya.train: epoch 2 step 2400 loss 0.9503 reward -0.2298 lr 1.62e-05
2026-09-22 17:05:33,186 laya.train laya.train: epoch 2 step 2420 loss 0.0737 reward 0.2950 lr 1.61e-05
2026-09-22 17:05:53,022 laya.train laya.train: epoch 2 step 2440 loss 0.6231 reward 0.1665 lr 1.60e-05
2026-09-22 17:06:12,962 laya.train laya.train: epoch 2 step 2460 loss -0.2345 reward 0.6380 lr 1.58e-05
2026-09-22 17:06:33,727 laya.train laya.train: epoch 2 step 2480 loss 0.4037 reward 0.2967 lr 1.57e-05
2026-09-22 17:06:54,173 laya.train laya.train: epoch 2 step 2500 loss 0.6776 reward -0.0705 lr 1.56e-05
2026-09-22 17:07:14,630 laya.train laya.train: epoch 2 step 2520 loss 0.1286 reward 0.5267 lr 1.55e-05
2026-09-22 17:07:35,016 laya.train laya.train: epoch 2 step 2540 loss 0.5543 reward 0.2390 lr 1.53e-05
2026-09-22 17:07:55,225 laya.train laya.train: epoch 2 step 2560 loss 0.1244 reward 0.3022 lr 1.52e-05
2026-09-22 17:08:15,508 laya.train laya.train: epoch 2 step 2580 loss 0.0553 reward 0.4709 lr 1.51e-05
2026-09-22 17:08:36,199 laya.train laya.train: epoch 2 step 2600 loss 0.2825 reward 0.2898 lr 1.50e-05
2026-09-22 17:08:56,726 laya.train laya.train: epoch 2 step 2620 loss -0.0518 reward 0.2652 lr 1.48e-05
2026-09-22 17:09:17,037 laya.train laya.train: epoch 2 step 2640 loss 0.2585 reward 0.1828 lr 1.47e-05
2026-09-22 17:09:37,388 laya.train laya.train: epoch 2 step 2660 loss 0.3426 reward 0.0593 lr 1.46e-05
2026-09-22 17:09:57,760 laya.train laya.train: epoch 2 step 2680 loss -0.0613 reward 0.4110 lr 1.44e-05
2026-09-22 17:10:17,954 laya.train laya.train: epoch 2 step 2700 loss 0.2619 reward 0.0846 lr 1.43e-05
2026-09-22 17:10:38,141 laya.train laya.train: epoch 2 step 2720 loss 0.0793 reward 0.5226 lr 1.42e-05
2026-09-22 17:10:58,779 laya.train laya.train: epoch 2 step 2740 loss 0.6878 reward 0.1360 lr 1.41e-05
2026-09-22 17:11:19,596 laya.train laya.train: epoch 2 step 2760 loss 0.4827 reward 0.0085 lr 1.39e-05
2026-09-22 17:11:39,713 laya.train laya.train: epoch 2 step 2780 loss 0.1904 reward 0.3413 lr 1.38e-05
2026-09-22 17:12:00,077 laya.train laya.train: epoch 2 step 2800 loss 0.1138 reward 0.2753 lr 1.37e-05
2026-09-22 17:12:20,695 laya.train laya.train: epoch 2 step 2820 loss 0.0116 reward 0.4851 lr 1.35e-05
2026-09-22 17:12:41,867 laya.train laya.train: epoch 2 step 2840 loss 0.1579 reward 0.3151 lr 1.34e-05
2026-09-22 17:13:01,777 laya.train laya.train: epoch 2 step 2860 loss 0.4391 reward 0.3006 lr 1.33e-05
2026-09-22 17:13:22,560 laya.train laya.train: epoch 2 step 2880 loss 0.1053 reward 0.3240 lr 1.31e-05
2026-09-22 17:13:43,488 laya.train laya.train: epoch 2 step 2900 loss 0.3024 reward 0.3285 lr 1.30e-05
2026-09-22 17:14:03,579 laya.train laya.train: epoch 2 done: {"epoch": 2, "sigma": 0.30000000000000004, "train_loss": 0.23757280741575226, "train_ce": 0.33782928676745505, "train_reward": 0.31365670525025535, "heldout_ce": 0.21473306511537174, "heldout_accuracy": 0.920014390214654}
2026-09-22 17:14:22,457 laya.train laya.train: epoch 3 step 2920 loss 0.4766 reward 0.0623 lr 1.29e-05
2026-09-22 17:14:43,337 laya.train laya.train: epoch 3 step 2940 loss 0.1321 reward 0.2160 lr 1.28e-05
2026-09-22 17:15:03,571 laya.train laya.train: epoch 3 step 2960 loss 0.3434 reward 0.2486 lr 1.26e-05
2026-09-22 17:15:24,057 laya.train laya.train: epoch 3 step 2980 loss 0.0807 reward 0.3705 lr 1.25e-05
2026-09-22 17:15:44,487 laya.train laya.train: epoch 3 step 3000 loss 0.7215 reward 0.0505 lr 1.24e-05
2026-09-22 17:16:05,018 laya.train laya.train: epoch 3 step 3020 loss 0.0208 reward 0.6498 lr 1.22e-05
2026-09-22 17:16:25,818 laya.train laya.train: epoch 3 step 3040 loss 0.2242 reward 0.3160 lr 1.21e-05
2026-09-22 17:16:46,343 laya.train laya.train: epoch 3 step 3060 loss 0.1505 reward 0.5950 lr 1.20e-05
2026-09-22 17:17:06,618 laya.train laya.train: epoch 3 step 3080 loss 0.3333 reward 0.4595 lr 1.18e-05
2026-09-22 17:17:27,416 laya.train laya.train: epoch 3 step 3100 loss 0.1168 reward 0.3422 lr 1.17e-05
2026-09-22 17:17:48,265 laya.train laya.train: epoch 3 step 3120 loss 0.3535 reward 0.3408 lr 1.16e-05
2026-09-22 17:18:08,677 laya.train laya.train: epoch 3 step 3140 loss 0.5513 reward 0.2987 lr 1.15e-05
2026-09-22 17:18:29,091 laya.train laya.train: epoch 3 step 3160 loss 0.1009 reward 0.4447 lr 1.13e-05
2026-09-22 17:18:49,581 laya.train laya.train: epoch 3 step 3180 loss -0.0037 reward 0.5903 lr 1.12e-05
2026-09-22 17:19:09,828 laya.train laya.train: epoch 3 step 3200 loss 0.6888 reward 0.1894 lr 1.11e-05
2026-09-22 17:19:30,138 laya.train laya.train: epoch 3 step 3220 loss 0.0711 reward 0.2156 lr 1.09e-05
2026-09-22 17:19:50,760 laya.train laya.train: epoch 3 step 3240 loss 0.1764 reward 0.1945 lr 1.08e-05
2026-09-22 17:20:11,676 laya.train laya.train: epoch 3 step 3260 loss 0.3552 reward 0.3369 lr 1.07e-05
2026-09-22 17:20:32,251 laya.train laya.train: epoch 3 step 3280 loss 0.4103 reward 0.4422 lr 1.06e-05
2026-09-22 17:20:52,961 laya.train laya.train: epoch 3 step 3300 loss 0.3041 reward 0.2333 lr 1.04e-05
2026-09-22 17:21:14,300 laya.train laya.train: epoch 3 step 3320 loss 0.3641 reward 0.4690 lr 1.03e-05
2026-09-22 17:21:34,388 laya.train laya.train: epoch 3 step 3340 loss 0.4690 reward -0.0917 lr 1.02e-05
2026-09-22 17:21:54,964 laya.train laya.train: epoch 3 step 3360 loss 0.4107 reward 0.2646 lr 1.01e-05
2026-09-22 17:22:15,184 laya.train laya.train: epoch 3 step 3380 loss 0.3852 reward 0.4526 lr 9.93e-06
2026-09-22 17:22:35,340 laya.train laya.train: epoch 3 step 3400 loss 0.2043 reward 0.6572 lr 9.80e-06
2026-09-22 17:22:55,658 laya.train laya.train: epoch 3 step 3420 loss 0.6238 reward 0.5196 lr 9.68e-06
2026-09-22 17:23:16,195 laya.train laya.train: epoch 3 step 3440 loss 0.2185 reward 0.3436 lr 9.55e-06
2026-09-22 17:23:36,771 laya.train laya.train: epoch 3 step 3460 loss 0.1496 reward 0.3781 lr 9.43e-06
2026-09-22 17:23:57,082 laya.train laya.train: epoch 3 step 3480 loss 0.0598 reward 0.4491 lr 9.31e-06
2026-09-22 17:24:17,579 laya.train laya.train: epoch 3 step 3500 loss -0.0184 reward 0.4423 lr 9.18e-06
2026-09-22 17:24:37,539 laya.train laya.train: epoch 3 step 3520 loss 0.1647 reward 0.5039 lr 9.06e-06
2026-09-22 17:24:58,380 laya.train laya.train: epoch 3 step 3540 loss 0.1430 reward 0.5714 lr 8.94e-06
2026-09-22 17:25:18,793 laya.train laya.train: epoch 3 step 3560 loss 0.1039 reward 0.6411 lr 8.82e-06
2026-09-22 17:25:39,585 laya.train laya.train: epoch 3 step 3580 loss 0.1944 reward 0.1226 lr 8.69e-06
2026-09-22 17:26:00,297 laya.train laya.train: epoch 3 step 3600 loss 0.4101 reward 0.4514 lr 8.57e-06
2026-09-22 17:26:20,998 laya.train laya.train: epoch 3 step 3620 loss 0.2855 reward 0.4251 lr 8.45e-06
2026-09-22 17:26:41,191 laya.train laya.train: epoch 3 step 3640 loss 0.2069 reward 0.4138 lr 8.33e-06
2026-09-22 17:27:01,806 laya.train laya.train: epoch 3 step 3660 loss 0.1881 reward 0.4879 lr 8.21e-06
2026-09-22 17:27:21,698 laya.train laya.train: epoch 3 step 3680 loss -0.4046 reward 0.6857 lr 8.09e-06
2026-09-22 17:27:42,363 laya.train laya.train: epoch 3 step 3700 loss -0.1289 reward 0.4703 lr 7.98e-06
2026-09-22 17:28:03,195 laya.train laya.train: epoch 3 step 3720 loss -0.0686 reward 0.4634 lr 7.86e-06
2026-09-22 17:28:24,195 laya.train laya.train: epoch 3 step 3740 loss 0.0718 reward 0.5280 lr 7.74e-06
2026-09-22 17:28:44,354 laya.train laya.train: epoch 3 step 3760 loss -0.3500 reward 0.5038 lr 7.63e-06
2026-09-22 17:29:04,919 laya.train laya.train: epoch 3 step 3780 loss 0.2728 reward 0.5022 lr 7.51e-06
2026-09-22 17:29:25,052 laya.train laya.train: epoch 3 step 3800 loss 0.5314 reward 0.2829 lr 7.39e-06
2026-09-22 17:29:45,302 laya.train laya.train: epoch 3 step 3820 loss 0.3544 reward 0.3068 lr 7.28e-06
2026-09-22 17:30:05,315 laya.train laya.train: epoch 3 step 3840 loss 0.2914 reward 0.4883 lr 7.17e-06
2026-09-22 17:30:25,753 laya.train laya.train: epoch 3 step 3860 loss 0.0819 reward 0.5149 lr 7.05e-06
2026-09-22 17:30:46,487 laya.train laya.train: epoch 3 step 3880 loss -0.0644 reward 0.7499 lr 6.94e-06
2026-09-22 17:31:07,058 laya.train laya.train: epoch 3 step 3900 loss 0.1190 reward 0.5337 lr 6.83e-06
2026-09-22 17:31:27,343 laya.train laya.train: epoch 3 step 3920 loss 0.1679 reward 0.4433 lr 6.72e-06
2026-09-22 17:31:47,884 laya.train laya.train: epoch 3 step 3940 loss 0.1474 reward 0.4189 lr 6.61e-06
2026-09-22 17:32:08,682 laya.train laya.train: epoch 3 step 3960 loss 0.1136 reward 0.4362 lr 6.50e-06
2026-09-22 17:32:29,060 laya.train laya.train: epoch 3 step 3980 loss -0.1109 reward 0.4904 lr 6.39e-06
2026-09-22 17:32:49,658 laya.train laya.train: epoch 3 step 4000 loss 0.0973 reward 0.2000 lr 6.28e-06
2026-09-22 17:33:10,612 laya.train laya.train: epoch 3 step 4020 loss 0.2276 reward 0.0303 lr 6.17e-06
2026-09-22 17:33:31,316 laya.train laya.train: epoch 3 step 4040 loss 0.4372 reward 0.2772 lr 6.07e-06
2026-09-22 17:33:52,074 laya.train laya.train: epoch 3 step 4060 loss 0.0519 reward 0.5798 lr 5.96e-06
2026-09-22 17:34:12,304 laya.train laya.train: epoch 3 step 4080 loss 0.2632 reward 0.5509 lr 5.86e-06
2026-09-22 17:34:33,050 laya.train laya.train: epoch 3 step 4100 loss 0.7496 reward 0.1056 lr 5.75e-06
2026-09-22 17:34:53,067 laya.train laya.train: epoch 3 step 4120 loss 0.0064 reward 0.3025 lr 5.65e-06
2026-09-22 17:35:13,687 laya.train laya.train: epoch 3 step 4140 loss 0.2262 reward 0.1781 lr 5.55e-06
2026-09-22 17:35:34,350 laya.train laya.train: epoch 3 step 4160 loss -0.0710 reward 0.6272 lr 5.45e-06
2026-09-22 17:35:54,711 laya.train laya.train: epoch 3 step 4180 loss 0.2423 reward 0.4853 lr 5.35e-06
2026-09-22 17:36:15,165 laya.train laya.train: epoch 3 step 4200 loss -0.0047 reward 0.5050 lr 5.25e-06
2026-09-22 17:36:35,727 laya.train laya.train: epoch 3 step 4220 loss 0.3369 reward 0.1924 lr 5.15e-06
2026-09-22 17:36:56,548 laya.train laya.train: epoch 3 step 4240 loss -0.0516 reward 0.4078 lr 5.05e-06
2026-09-22 17:37:16,867 laya.train laya.train: epoch 3 step 4260 loss 0.0563 reward 0.5004 lr 4.95e-06
2026-09-22 17:37:37,401 laya.train laya.train: epoch 3 step 4280 loss 0.2747 reward 0.5954 lr 4.86e-06
2026-09-22 17:37:57,853 laya.train laya.train: epoch 3 step 4300 loss -0.2622 reward 0.5730 lr 4.76e-06
2026-09-22 17:38:18,846 laya.train laya.train: epoch 3 step 4320 loss 0.0656 reward 0.2599 lr 4.67e-06
2026-09-22 17:38:39,489 laya.train laya.train: epoch 3 step 4340 loss 0.1685 reward 0.4281 lr 4.57e-06
2026-09-22 17:39:11,025 laya.train laya.train: epoch 3 done: {"epoch": 3, "sigma": 0.2, "train_loss": 0.2092019899456766, "train_ce": 0.29862026868405, "train_reward": 0.36934211213939133, "heldout_ce": 0.19718669081605836, "heldout_accuracy": 0.9308070512051805}
2026-09-22 17:39:18,634 laya.train laya.train: epoch 4 step 4360 loss 0.0267 reward 0.5599 lr 4.48e-06
2026-09-22 17:39:39,348 laya.train laya.train: epoch 4 step 4380 loss -0.1849 reward 0.5665 lr 4.39e-06
2026-09-22 17:40:00,062 laya.train laya.train: epoch 4 step 4400 loss 0.2588 reward 0.5283 lr 4.30e-06
2026-09-22 17:40:20,698 laya.train laya.train: epoch 4 step 4420 loss 0.1108 reward 0.4922 lr 4.21e-06
2026-09-22 17:40:41,168 laya.train laya.train: epoch 4 step 4440 loss -0.1701 reward 0.6097 lr 4.12e-06
2026-09-22 17:41:01,895 laya.train laya.train: epoch 4 step 4460 loss 0.5501 reward 0.4955 lr 4.04e-06
2026-09-22 17:41:22,690 laya.train laya.train: epoch 4 step 4480 loss -0.1139 reward 0.5607 lr 3.95e-06
2026-09-22 17:41:42,714 laya.train laya.train: epoch 4 step 4500 loss -0.0626 reward 0.4115 lr 3.87e-06
2026-09-22 17:42:02,904 laya.train laya.train: epoch 4 step 4520 loss 0.0390 reward 0.4771 lr 3.78e-06
2026-09-22 17:42:23,711 laya.train laya.train: epoch 4 step 4540 loss 0.4502 reward 0.2001 lr 3.70e-06
2026-09-22 17:42:44,106 laya.train laya.train: epoch 4 step 4560 loss -0.0393 reward 0.0978 lr 3.62e-06
2026-09-22 17:43:04,616 laya.train laya.train: epoch 4 step 4580 loss 0.3756 reward 0.4570 lr 3.54e-06
2026-09-22 17:43:25,941 laya.train laya.train: epoch 4 step 4600 loss 0.2719 reward 0.5906 lr 3.46e-06
2026-09-22 17:43:46,907 laya.train laya.train: epoch 4 step 4620 loss 0.5015 reward 0.2586 lr 3.38e-06
2026-09-22 17:44:07,111 laya.train laya.train: epoch 4 step 4640 loss 0.1396 reward 0.5119 lr 3.30e-06
2026-09-22 17:44:27,952 laya.train laya.train: epoch 4 step 4660 loss 0.2033 reward 0.4306 lr 3.23e-06
2026-09-22 17:44:48,174 laya.train laya.train: epoch 4 step 4680 loss -0.1237 reward 0.3556 lr 3.15e-06
2026-09-22 17:45:08,871 laya.train laya.train: epoch 4 step 4700 loss -0.3043 reward 0.4651 lr 3.08e-06
2026-09-22 17:45:29,228 laya.train laya.train: epoch 4 step 4720 loss 0.4091 reward 0.5328 lr 3.01e-06
2026-09-22 17:45:48,996 laya.train laya.train: epoch 4 step 4740 loss 0.0690 reward 0.6021 lr 2.94e-06
2026-09-22 17:46:09,360 laya.train laya.train: epoch 4 step 4760 loss 0.1917 reward 0.3154 lr 2.87e-06
2026-09-22 17:46:29,747 laya.train laya.train: epoch 4 step 4780 loss 0.4130 reward 0.3043 lr 2.80e-06
2026-09-22 17:46:50,480 laya.train laya.train: epoch 4 step 4800 loss 0.2888 reward 0.3596 lr 2.73e-06
2026-09-22 17:47:10,780 laya.train laya.train: epoch 4 step 4820 loss 0.1251 reward 0.5799 lr 2.66e-06
2026-09-22 17:47:30,955 laya.train laya.train: epoch 4 step 4840 loss -0.0354 reward 0.6543 lr 2.60e-06
2026-09-22 17:47:51,509 laya.train laya.train: epoch 4 step 4860 loss 0.3596 reward 0.3190 lr 2.53e-06
2026-09-22 17:48:11,692 laya.train laya.train: epoch 4 step 4880 loss 0.1885 reward 0.4967 lr 2.47e-06
2026-09-22 17:48:32,360 laya.train laya.train: epoch 4 step 4900 loss -0.4969 reward 0.3654 lr 2.41e-06
2026-09-22 17:48:53,011 laya.train laya.train: epoch 4 step 4920 loss 0.0046 reward 0.6065 lr 2.35e-06
2026-09-22 17:49:13,874 laya.train laya.train: epoch 4 step 4940 loss 0.3384 reward 0.4060 lr 2.29e-06
2026-09-22 17:49:34,192 laya.train laya.train: epoch 4 step 4960 loss 0.2631 reward 0.2015 lr 2.23e-06
2026-09-22 17:49:54,759 laya.train laya.train: epoch 4 step 4980 loss 0.1518 reward 0.4273 lr 2.17e-06
2026-09-22 17:50:15,525 laya.train laya.train: epoch 4 step 5000 loss 0.4637 reward 0.3276 lr 2.12e-06
2026-09-22 17:50:36,113 laya.train laya.train: epoch 4 step 5020 loss -0.0041 reward 0.5389 lr 2.06e-06
2026-09-22 17:50:56,262 laya.train laya.train: epoch 4 step 5040 loss 0.2919 reward 0.1494 lr 2.01e-06
2026-09-22 17:51:16,386 laya.train laya.train: epoch 4 step 5060 loss 0.3114 reward 0.3213 lr 1.96e-06
2026-09-22 17:51:37,123 laya.train laya.train: epoch 4 step 5080 loss 0.3135 reward 0.2940 lr 1.91e-06
2026-09-22 17:51:57,987 laya.train laya.train: epoch 4 step 5100 loss 0.6039 reward 0.3789 lr 1.86e-06
2026-09-22 17:52:18,145 laya.train laya.train: epoch 4 step 5120 loss 0.6696 reward 0.2359 lr 1.81e-06
2026-09-22 17:52:38,546 laya.train laya.train: epoch 4 step 5140 loss 0.2432 reward 0.5181 lr 1.77e-06
2026-09-22 17:52:59,015 laya.train laya.train: epoch 4 step 5160 loss 0.1328 reward 0.3048 lr 1.72e-06
2026-09-22 17:53:19,779 laya.train laya.train: epoch 4 step 5180 loss 0.1661 reward 0.4004 lr 1.68e-06
2026-09-22 17:53:40,230 laya.train laya.train: epoch 4 step 5200 loss 0.5254 reward 0.3400 lr 1.64e-06
2026-09-22 17:54:00,024 laya.train laya.train: epoch 4 step 5220 loss 0.2907 reward 0.4686 lr 1.59e-06
2026-09-22 17:54:20,567 laya.train laya.train: epoch 4 step 5240 loss -0.0702 reward 0.6815 lr 1.55e-06
2026-09-22 17:54:41,183 laya.train laya.train: epoch 4 step 5260 loss 0.1826 reward 0.3289 lr 1.52e-06
2026-09-22 17:55:01,736 laya.train laya.train: epoch 4 step 5280 loss -0.2406 reward 0.6357 lr 1.48e-06
2026-09-22 17:55:21,694 laya.train laya.train: epoch 4 step 5300 loss 0.6425 reward -0.0559 lr 1.44e-06
2026-09-22 17:55:41,840 laya.train laya.train: epoch 4 step 5320 loss 0.4126 reward 0.1947 lr 1.41e-06
2026-09-22 17:56:01,847 laya.train laya.train: epoch 4 step 5340 loss 0.2145 reward 0.4433 lr 1.38e-06
2026-09-22 17:56:22,563 laya.train laya.train: epoch 4 step 5360 loss 0.3184 reward 0.1022 lr 1.34e-06
2026-09-22 17:56:42,983 laya.train laya.train: epoch 4 step 5380 loss -0.1981 reward 0.4787 lr 1.31e-06
2026-09-22 17:57:03,349 laya.train laya.train: epoch 4 step 5400 loss 0.1461 reward 0.3575 lr 1.29e-06
2026-09-22 17:57:23,745 laya.train laya.train: epoch 4 step 5420 loss 0.4111 reward 0.0127 lr 1.26e-06
2026-09-22 17:57:44,206 laya.train laya.train: epoch 4 step 5440 loss 0.1171 reward 0.3525 lr 1.23e-06
2026-09-22 17:58:04,562 laya.train laya.train: epoch 4 step 5460 loss 0.0689 reward 0.4968 lr 1.21e-06
2026-09-22 17:58:25,048 laya.train laya.train: epoch 4 step 5480 loss 0.1248 reward 0.5238 lr 1.18e-06
2026-09-22 17:58:45,482 laya.train laya.train: epoch 4 step 5500 loss 0.1651 reward 0.3421 lr 1.16e-06
2026-09-22 17:59:06,002 laya.train laya.train: epoch 4 step 5520 loss 0.2696 reward 0.3396 lr 1.14e-06
2026-09-22 17:59:26,847 laya.train laya.train: epoch 4 step 5540 loss 0.0796 reward 0.3536 lr 1.12e-06
2026-09-22 17:59:47,723 laya.train laya.train: epoch 4 step 5560 loss 0.3231 reward 0.3468 lr 1.10e-06
2026-09-22 18:00:08,183 laya.train laya.train: epoch 4 step 5580 loss 0.1590 reward 0.4472 lr 1.09e-06
2026-09-22 18:00:28,910 laya.train laya.train: epoch 4 step 5600 loss 0.0867 reward 0.4077 lr 1.07e-06
2026-09-22 18:00:49,110 laya.train laya.train: epoch 4 step 5620 loss -0.1516 reward 0.4591 lr 1.06e-06
2026-09-22 18:01:09,870 laya.train laya.train: epoch 4 step 5640 loss -0.1336 reward 0.6224 lr 1.05e-06
2026-09-22 18:01:31,002 laya.train laya.train: epoch 4 step 5660 loss 0.2116 reward 0.4864 lr 1.04e-06
2026-09-22 18:01:51,731 laya.train laya.train: epoch 4 step 5680 loss -0.0976 reward 0.6915 lr 1.03e-06
2026-09-22 18:02:11,911 laya.train laya.train: epoch 4 step 5700 loss -0.1385 reward 0.5797 lr 1.02e-06
2026-09-22 18:02:32,454 laya.train laya.train: epoch 4 step 5720 loss 0.5102 reward 0.2806 lr 1.01e-06
2026-09-22 18:02:53,844 laya.train laya.train: epoch 4 step 5740 loss 0.1931 reward 0.3264 lr 1.01e-06
2026-09-22 18:03:14,594 laya.train laya.train: epoch 4 step 5760 loss 0.6058 reward 0.4200 lr 1.00e-06
2026-09-22 18:03:35,075 laya.train laya.train: epoch 4 step 5780 loss 0.1698 reward 0.3430 lr 1.00e-06
2026-09-22 18:03:55,651 laya.train laya.train: epoch 4 step 5800 loss 0.7772 reward -0.0452 lr 1.00e-06
2026-09-22 18:04:17,839 laya.train laya.train: epoch 4 done: {"epoch": 4, "sigma": 0.09999999999999998, "train_loss": 0.20880275884883492, "train_ce": 0.27031398686300084, "train_reward": 0.4086648754509707, "heldout_ce": 0.19916792351447524, "heldout_accuracy": 0.9350041971459407}
saved runs/mix-v1: 5804 optimizer steps in 6079s; last epoch train CE 0.2703, held-out accuracy 0.9350041971459407; held-out ECE 0.02309006570518539 -> 0.017767233015854558
| questions | n | accuracy | soft acc | Brier | ECE |
|---|---|---|---|---|---|
| all | 2000 | 0.8005 | 0.5019 | 0.0567 | 0.1876 |
| choice | 600 | 0.7667 | 0.4296 | 0.0643 | 0.2425 |
| score | 800 | 0.7788 | 0.4649 | 0.0599 | 0.1485 |
| noul | 600 | 0.8633 | 0.6237 | 0.0447 | 0.1924 |
latency per case: p50 17.4 ms, p95 22.4 ms
| questions | n | accuracy | soft acc | Brier | ECE |
|---|---|---|---|---|---|
| all | 10356 | 0.9403 | 0.9282 | 0.0589 | 0.0128 |
| choice | 2408 | 0.8405 | 0.8010 | 0.1236 | 0.0265 |
| score | 1584 | 0.9438 | 0.9397 | 0.0701 | 0.0226 |
| noul | 6364 | 0.9772 | 0.9734 | 0.0317 | 0.0091 |
latency per case: p50 10.2 ms, p95 54.1 ms
| questions | n | accuracy | soft acc | Brier | ECE |
|---|---|---|---|---|---|
| all | 15701 | 0.8310 | 0.8252 | 0.2953 | 0.1354 |
| choice | 3219 | 0.7496 | 0.7414 | 0.3639 | 0.1616 |
| score | 2553 | 0.8390 | 0.8300 | 0.2849 | 0.1267 |
| noul | 9929 | 0.8553 | 0.8511 | 0.2757 | 0.1301 |
latency per case: p50 10.8 ms, p95 55.2 ms
MIXDONE
EXIT 0
